----part 1 start----
[ 2026-02-12T17:20:58.730     1000:  2656:  2656 I/LSPosed-Bridge  ] DisableAltTab: AltTabHook success!
[ 2026-02-12T17:20:58.731     1000:  2656:  2656 E/LSPosed-Bridge  ] XSmsCode: Failed to hook PermissionManagerService
wJUF.MG.bUOsL.Ow.FfYsA.XposedHelpers$ClassNotFoundError: java.lang.ClassNotFoundException: com$android$server$pm$permission$PermissionManagerServiceImpl
	at wJUF.MG.bUOsL.Ow.FfYsA.XposedHelpers.findClass(r8-map-id-1b503ce2d1eb437266e175dc68a023819023d9852a09899d29d782d634f0016f:13)
	at w3.g.c(Unknown Source:4)
	at w3.g.d(Unknown Source:8)
	at w3.g.e(Unknown Source:0)
	at w3.b.d(Unknown Source:31)
	at com.tianma.xsmscode.xp.HookEntry.handleLoadPackage(Unknown Source:24)
	at wJUF.MG.bUOsL.Ow.FfYsA.IXposedHookLoadPackage$Wrapper.handleLoadPackage(r8-map-id-1b503ce2d1eb437266e175dc68a023819023d9852a09899d29d782d634f0016f:3)
	at wJUF.MG.bUOsL.Ow.FfYsA.callbacks.XC_LoadPackage.call(r8-map-id-1b503ce2d1eb437266e175dc68a023819023d9852a09899d29d782d634f0016f:7)
	at wJUF.MG.bUOsL.Ow.FfYsA.callbacks.XCallback.callAll(r8-map-id-1b503ce2d1eb437266e175dc68a023819023d9852a09899d29d782d634f0016f:27)
	at f2.before(r8-map-id-1b503ce2d1eb437266e175dc68a023819023d9852a09899d29d782d634f0016f:68)
	at java.lang.reflect.Method.invoke(Native Method)
	at j0.callback(r8-map-id-1b503ce2d1eb437266e175dc68a023819023d9852a09899d29d782d634f0016f:108)
	at LSPHooker_.startBootstrapServices(LSP)
	at com.android.server.SystemServer.run(SystemServer.java:1044)
	at com.android.server.SystemServer.main(SystemServer.java:724)
	at java.lang.reflect.Method.invoke(Native Method)
	at com.android.internal.os.RuntimeInit$MethodAndArgsCaller.run(RuntimeInit.java:569)
	at com.android.internal.os.ZygoteInit.main(ZygoteInit.java:907)
Caused by: java.lang.ClassNotFoundException: com$android$server$pm$permission$PermissionManagerServiceImpl
	at r.a(r8-map-id-1b503ce2d1eb437266e175dc68a023819023d9852a09899d29d782d634f0016f:66)
	at wJUF.MG.bUOsL.Ow.FfYsA.XposedHelpers.findClass(r8-map-id-1b503ce2d1eb437266e175dc68a023819023d9852a09899d29d782d634f0016f:5)
	... 17 more
[ 2026-02-12T17:20:58.752     1000:  2656:  2656 I/LSPosed-Bridge  ] [XAudioCapture]: Hook Computer Engine!
[ 2026-02-12T17:20:58.778     1000:  2656:  2656 E/LSPosed-Bridge  ] wJUF.MG.bUOsL.Ow.FfYsA.XposedHelpers$ClassNotFoundError: java.lang.ClassNotFoundException: com$android$server$am$ProcessStateRecord
	at wJUF.MG.bUOsL.Ow.FfYsA.XposedHelpers.findClass(r8-map-id-1b503ce2d1eb437266e175dc68a023819023d9852a09899d29d782d634f0016f:13)
	at wJUF.MG.bUOsL.Ow.FfYsA.XposedHelpers.findAndHookConstructor(r8-map-id-1b503ce2d1eb437266e175dc68a023819023d9852a09899d29d782d634f0016f:8)
	at ru.bluecat.android.xposed.mods.appsettings.hooks.Core.handleLoadPackage(Unknown Source:164)
	at wJUF.MG.bUOsL.Ow.FfYsA.IXposedHookLoadPackage$Wrapper.handleLoadPackage(r8-map-id-1b503ce2d1eb437266e175dc68a023819023d9852a09899d29d782d634f0016f:3)
	at wJUF.MG.bUOsL.Ow.FfYsA.callbacks.XC_LoadPackage.call(r8-map-id-1b503ce2d1eb437266e175dc68a023819023d9852a09899d29d782d634f0016f:7)
	at wJUF.MG.bUOsL.Ow.FfYsA.callbacks.XCallback.callAll(r8-map-id-1b503ce2d1eb437266e175dc68a023819023d9852a09899d29d782d634f0016f:27)
	at f2.before(r8-map-id-1b503ce2d1eb437266e175dc68a023819023d9852a09899d29d782d634f0016f:68)
	at java.lang.reflect.Method.invoke(Native Method)
	at j0.callback(r8-map-id-1b503ce2d1eb437266e175dc68a023819023d9852a09899d29d782d634f0016f:108)
	at LSPHooker_.startBootstrapServices(LSP)
	at com.android.server.SystemServer.run(SystemServer.java:1044)
	at com.android.server.SystemServer.main(SystemServer.java:724)
	at java.lang.reflect.Method.invoke(Native Method)
	at com.android.internal.os.RuntimeInit$MethodAndArgsCaller.run(RuntimeInit.java:569)
	at com.android.internal.os.ZygoteInit.main(ZygoteInit.java:907)
Caused by: java.lang.ClassNotFoundException: com$android$server$am$ProcessStateRecord
	at r.a(r8-map-id-1b503ce2d1eb437266e175dc68a023819023d9852a09899d29d782d634f0016f:66)
	at wJUF.MG.bUOsL.Ow.FfYsA.XposedHelpers.findClass(r8-map-id-1b503ce2d1eb437266e175dc68a023819023d9852a09899d29d782d634f0016f:5)
	... 14 more
[ 2026-02-12T17:20:58.781     1000:  2656:  2656 E/LSPosed-Bridge  ] java.lang.NoSuchMethodError: com.android.server.notification.NotificationManagerService#enqueueNotificationInternal(java.lang.String,java.lang.String,int,int,java.lang.String,int,android.app.Notification,int)#exact
	at wJUF.MG.bUOsL.Ow.FfYsA.XposedHelpers.lambda$findMethodExact$3(r8-map-id-1b503ce2d1eb437266e175dc68a023819023d9852a09899d29d782d634f0016f:7)
	at wJUF.MG.bUOsL.Ow.FfYsA.XposedHelpers.e(r8-map-id-1b503ce2d1eb437266e175dc68a023819023d9852a09899d29d782d634f0016f:1)
	at wJUF.MG.bUOsL.Ow.FfYsA.c.get(r8-map-id-1b503ce2d1eb437266e175dc68a023819023d9852a09899d29d782d634f0016f:8)
	at java.util.Optional.orElseThrow(Optional.java:403)
	at wJUF.MG.bUOsL.Ow.FfYsA.XposedHelpers.findMethodExact(r8-map-id-1b503ce2d1eb437266e175dc68a023819023d9852a09899d29d782d634f0016f:5)
	at wJUF.MG.bUOsL.Ow.FfYsA.XposedHelpers.findAndHookMethod(r8-map-id-1b503ce2d1eb437266e175dc68a023819023d9852a09899d29d782d634f0016f:3)
	at wJUF.MG.bUOsL.Ow.FfYsA.XposedHelpers.findAndHookMethod(r8-map-id-1b503ce2d1eb437266e175dc68a023819023d9852a09899d29d782d634f0016f:8)
	at ru.bluecat.android.xposed.mods.appsettings.hooks.Core.handleLoadPackage(Unknown Source:293)
	at wJUF.MG.bUOsL.Ow.FfYsA.IXposedHookLoadPackage$Wrapper.handleLoadPackage(r8-map-id-1b503ce2d1eb437266e175dc68a023819023d9852a09899d29d782d634f0016f:3)
	at wJUF.MG.bUOsL.Ow.FfYsA.callbacks.XC_LoadPackage.call(r8-map-id-1b503ce2d1eb437266e175dc68a023819023d9852a09899d29d782d634f0016f:7)
	at wJUF.MG.bUOsL.Ow.FfYsA.callbacks.XCallback.callAll(r8-map-id-1b503ce2d1eb437266e175dc68a023819023d9852a09899d29d782d634f0016f:27)
	at f2.before(r8-map-id-1b503ce2d1eb437266e175dc68a023819023d9852a09899d29d782d634f0016f:68)
	at java.lang.reflect.Method.invoke(Native Method)
	at j0.callback(r8-map-id-1b503ce2d1eb437266e175dc68a023819023d9852a09899d29d782d634f0016f:108)
	at LSPHooker_.startBootstrapServices(LSP)
	at com.android.server.SystemServer.run(SystemServer.java:1044)
	at com.android.server.SystemServer.main(SystemServer.java:724)
	at java.lang.reflect.Method.invoke(Native Method)
	at com.android.internal.os.RuntimeInit$MethodAndArgsCaller.run(RuntimeInit.java:569)
	at com.android.internal.os.ZygoteInit.main(ZygoteInit.java:907)
[ 2026-02-12T17:20:58.782     1000:  2656:  2656 E/LSPosed-Bridge  ] wJUF.MG.bUOsL.Ow.FfYsA.XposedHelpers$ClassNotFoundError: java.lang.ClassNotFoundException: com$android$server$pm$permission$PermissionManagerServiceImpl
	at wJUF.MG.bUOsL.Ow.FfYsA.XposedHelpers.findClass(r8-map-id-1b503ce2d1eb437266e175dc68a023819023d9852a09899d29d782d634f0016f:13)
	at ru.bluecat.android.xposed.mods.appsettings.hooks.Core.handleLoadPackage(Unknown Source:328)
	at wJUF.MG.bUOsL.Ow.FfYsA.IXposedHookLoadPackage$Wrapper.handleLoadPackage(r8-map-id-1b503ce2d1eb437266e175dc68a023819023d9852a09899d29d782d634f0016f:3)
	at wJUF.MG.bUOsL.Ow.FfYsA.callbacks.XC_LoadPackage.call(r8-map-id-1b503ce2d1eb437266e175dc68a023819023d9852a09899d29d782d634f0016f:7)
	at wJUF.MG.bUOsL.Ow.FfYsA.callbacks.XCallback.callAll(r8-map-id-1b503ce2d1eb437266e175dc68a023819023d9852a09899d29d782d634f0016f:27)
	at f2.before(r8-map-id-1b503ce2d1eb437266e175dc68a023819023d9852a09899d29d782d634f0016f:68)
	at java.lang.reflect.Method.invoke(Native Method)
	at j0.callback(r8-map-id-1b503ce2d1eb437266e175dc68a023819023d9852a09899d29d782d634f0016f:108)
	at LSPHooker_.startBootstrapServices(LSP)
	at com.android.server.SystemServer.run(SystemServer.java:1044)
	at com.android.server.SystemServer.main(SystemServer.java:724)
	at java.lang.reflect.Method.invoke(Native Method)
	at com.android.internal.os.RuntimeInit$MethodAndArgsCaller.run(RuntimeInit.java:569)
	at com.android.internal.os.ZygoteInit.main(ZygoteInit.java:907)
Caused by: java.lang.ClassNotFoundException: com$android$server$pm$permission$PermissionManagerServiceImpl
	at r.a(r8-map-id-1b503ce2d1eb437266e175dc68a023819023d9852a09899d29d782d634f0016f:66)
	at wJUF.MG.bUOsL.Ow.FfYsA.XposedHelpers.findClass(r8-map-id-1b503ce2d1eb437266e175dc68a023819023d9852a09899d29d782d634f0016f:5)
	... 13 more
[ 2026-02-12T17:20:58.782     1000:  2656:  2656 I/LSPosed-Bridge  ] XLua.XLua Loaded android:1000
[ 2026-02-12T17:20:58.789     1000:  2656:  2656 I/LSPosed-Bridge  ] [HMA-OSS] [ INFO] 02-12 17:20:58 (HMA-XposedEntry) Hook entry
[ 2026-02-12T17:21:03.790     1000:  2656:  2656 I/LSPosed-Bridge  ] [HMA-OSS] [DEBUG] 02-12 17:21:03 (HMA-XposedEntry) Got pms: com.android.server.pm.PackageManagerService$IPackageManagerImpl@1810c77, com.android.server.pm.PackageManagerNative@c8c0e4
[ 2026-02-12T17:21:03.791     1000:  2656:  3255 I/LSPosed-Bridge  ] [HMA-OSS] [ INFO] 02-12 17:21:03 (HMA-UserService) Initialize HMAService - Version oss-154
[ 2026-02-12T17:21:03.797     1000:  2656:  3255 I/LSPosed-Bridge  ] [HMA-OSS] [ INFO] 02-12 17:21:03 (HMA-Service) Data dir: /data/misc/hide_my_applist_ihipqqtjhsuxtuqg
[ 2026-02-12T17:21:03.805     1000:  2656:  3256 I/LSPosed-Bridge  ] [HMA-OSS] [ INFO] 02-12 17:21:03 (HMA-Service) Filter counts loaded
[ 2026-02-12T17:21:03.817     1000:  2656:  3256 I/LSPosed-Bridge  ] [HMA-OSS] [ INFO] 02-12 17:21:03 (HMA-Service) Config loaded
[ 2026-02-12T17:21:03.818     1000:  2656:  3256 I/LSPosed-Bridge  ] [HMA-OSS] [ INFO] 02-12 17:21:03 (HMA-Service) Preset cache loaded
[ 2026-02-12T17:21:03.846     1000:  2656:  3256 I/LSPosed-Bridge  ] [HMA-OSS] [ INFO] 02-12 17:21:03 (PmsHookTarget34) Load hook
[ 2026-02-12T17:21:03.949     1000:  2656:  3256 I/LSPosed-Bridge  ] [HMA-OSS] [ INFO] 02-12 17:21:03 (PlatformCompatHook) Load hook
[ 2026-02-12T17:21:03.949     1000:  2656:  3256 I/LSPosed-Bridge  ] [HMA-OSS] [ INFO] 02-12 17:21:03 (PlatformCompatHook) App data isolation enabled: true
[ 2026-02-12T17:21:03.950     1000:  2656:  3256 I/LSPosed-Bridge  ] [HMA-OSS] [ INFO] 02-12 17:21:03 (ActivityHook) Load hook
[ 2026-02-12T17:21:03.953     1000:  2656:  3256 I/LSPosed-Bridge  ] [HMA-OSS] [ INFO] 02-12 17:21:03 (AccessibilityHook) Load hook
[ 2026-02-12T17:21:03.958     1000:  2656:  3256 I/LSPosed-Bridge  ] [HMA-OSS] [ INFO] 02-12 17:21:03 (ImmHook) Load hook
[ 2026-02-12T17:21:03.964     1000:  2656:  3256 I/LSPosed-Bridge  ] [HMA-OSS] [ INFO] 02-12 17:21:03 (HMA-Service) Hooks installed
[ 2026-02-12T17:21:03.964     1000:  2656:  3256 I/LSPosed-Bridge  ] [HMA-OSS] [ INFO] 02-12 17:21:03 (HMA-Service) HMA service initialized
[ 2026-02-12T17:21:03.966     1000:  2656:  3256 I/LSPosed-Bridge  ] [HMA-OSS] [ INFO] 02-12 17:21:03 (HMA-UserService) Registered observer
[ 2026-02-12T17:21:03.967     1000:  2656:  3256 I/LSPosed-Bridge  ] [HMA-OSS] [ INFO] 02-12 17:21:03 (HMA-XposedEntry) User service started
[ 2026-02-12T17:21:03.968     1000:  2656:  3256 I/LSPosed-Bridge  ] [HMA-OSS] [ INFO] 02-12 17:21:03 (HMA-Service) All presets are loaded
[ 2026-02-12T17:21:04.149     1000:  2656:  2656 I/LSPosed-Bridge  ] XLua.XLua Loaded com.android.providers.settings:1000
[ 2026-02-12T17:21:04.358     1000:  2656:  2656 I/LSPosed-Bridge  ] XLua.XLua Loaded org.lineageos.lineagesettings:1000
[ 2026-02-12T17:21:04.377     1000:  2656:  2656 I/LSPosed-Bridge  ] XLua.XLua Loaded com.android.server.telecom:1000
[ 2026-02-12T17:21:05.515     1000:  2656:  2656 I/LSPosed-Bridge  ] XLua.XLua Preparing system
[ 2026-02-12T17:21:05.551     1000:  2656:  2656 I/LSPosed-Bridge  ] [XLua.DatabasePathUtil] Found Database Folder! Using Folder [/data/misc/xplex-a526e8b3-3ae2-4f8d-8b54-fe972be49b3d] as XPL-EX base Folder for Databases!
[ 2026-02-12T17:21:05.565     1000:  2656:  2656 I/LSPosed-Bridge  ] [XLua.DatabasePathUtil] Database Folder=/data/misc/xplex-a526e8b3-3ae2-4f8d-8b54-fe972be49b3d/xlua.db Database Name=xlua.db Parent Directory=/data/misc/xplex-a526e8b3-3ae2-4f8d-8b54-fe972be49b3d Open Flag=true Is Open=true
[ 2026-02-12T17:21:05.566     1000:  2656:  2656 I/LSPosed-Bridge  ] Opened Database, Database=Database: /data/misc/xplex-a526e8b3-3ae2-4f8d-8b54-fe972be49b3d/xlua.db Is Open: true
[ 2026-02-12T17:21:05.566     1000:  2656:  2656 I/LSPosed-Bridge  ] Resetting Database (xl), Set Database to null: false
[ 2026-02-12T17:21:05.567     1000:  2656:  2656 I/LSPosed-Bridge  ] Error Renaming Hook ID, Old:TelephonyManager/getDeviceId  NewTelephonyManager.getDeviceId  Error:android.database.sqlite.SQLiteException: no such table: assignment (code 1 SQLITE_ERROR): , while compiling: UPDATE assignment SET hook=? WHERE hook = ?
[ 2026-02-12T17:21:05.567     1000:  2656:  2656 I/LSPosed-Bridge  ] Error Renaming Hook ID, Old:TelephonyManager/getDeviceId/slot  NewTelephonyManager.getDeviceId/slot  Error:android.database.sqlite.SQLiteException: no such table: assignment (code 1 SQLITE_ERROR): , while compiling: UPDATE assignment SET hook=? WHERE hook = ?
[ 2026-02-12T17:21:05.567     1000:  2656:  2656 I/LSPosed-Bridge  ] Error Renaming Hook ID, Old:TelephonyManager/getGroupIdLevel1  NewTelephonyManager.getGroupIdLevel1  Error:android.database.sqlite.SQLiteException: no such table: assignment (code 1 SQLITE_ERROR): , while compiling: UPDATE assignment SET hook=? WHERE hook = ?
[ 2026-02-12T17:21:05.567     1000:  2656:  2656 I/LSPosed-Bridge  ] Error Renaming Hook ID, Old:TelephonyManager/getImei  NewTelephonyManager.getImei  Error:android.database.sqlite.SQLiteException: no such table: assignment (code 1 SQLITE_ERROR): , while compiling: UPDATE assignment SET hook=? WHERE hook = ?
[ 2026-02-12T17:21:05.567     1000:  2656:  2656 I/LSPosed-Bridge  ] Error Renaming Hook ID, Old:TelephonyManager/getImei/slot  NewTelephonyManager.getImei/slot  Error:android.database.sqlite.SQLiteException: no such table: assignment (code 1 SQLITE_ERROR): , while compiling: UPDATE assignment SET hook=? WHERE hook = ?
[ 2026-02-12T17:21:05.567     1000:  2656:  2656 I/LSPosed-Bridge  ] Error Renaming Hook ID, Old:TelephonyManager/getLine1Number  NewTelephonyManager.getLine1Number  Error:android.database.sqlite.SQLiteException: no such table: assignment (code 1 SQLITE_ERROR): , while compiling: UPDATE assignment SET hook=? WHERE hook = ?
[ 2026-02-12T17:21:05.567     1000:  2656:  2656 I/LSPosed-Bridge  ] Error Renaming Hook ID, Old:TelephonyManager/getMeid  NewTelephonyManager.getMeid  Error:android.database.sqlite.SQLiteException: no such table: assignment (code 1 SQLITE_ERROR): , while compiling: UPDATE assignment SET hook=? WHERE hook = ?
[ 2026-02-12T17:21:05.568     1000:  2656:  2656 I/LSPosed-Bridge  ] Error Renaming Hook ID, Old:TelephonyManager/getMeid/slot  NewTelephonyManager.getMeid/slot  Error:android.database.sqlite.SQLiteException: no such table: assignment (code 1 SQLITE_ERROR): , while compiling: UPDATE assignment SET hook=? WHERE hook = ?
[ 2026-02-12T17:21:05.568     1000:  2656:  2656 I/LSPosed-Bridge  ] Error Renaming Hook ID, Old:TelephonyManager/getNetworkSpecifier  NewTelephonyManager.getNetworkSpecifier  Error:android.database.sqlite.SQLiteException: no such table: assignment (code 1 SQLITE_ERROR): , while compiling: UPDATE assignment SET hook=? WHERE hook = ?
[ 2026-02-12T17:21:05.568     1000:  2656:  2656 I/LSPosed-Bridge  ] Error Renaming Hook ID, Old:TelephonyManager/getSimSerialNumber  NewTelephonyManager.getSimSerialNumber  Error:android.database.sqlite.SQLiteException: no such table: assignment (code 1 SQLITE_ERROR): , while compiling: UPDATE assignment SET hook=? WHERE hook = ?
[ 2026-02-12T17:21:05.568     1000:  2656:  2656 I/LSPosed-Bridge  ] Error Renaming Hook ID, Old:TelephonyManager/getSubscriberId  NewTelephonyManager.getSubscriberId  Error:android.database.sqlite.SQLiteException: no such table: assignment (code 1 SQLITE_ERROR): , while compiling: UPDATE assignment SET hook=? WHERE hook = ?
[ 2026-02-12T17:21:05.568     1000:  2656:  2656 I/LSPosed-Bridge  ] Error Renaming Hook ID, Old:TelephonyManager/getVoiceMailAlphaTag  NewTelephonyManager.getVoiceMailAlphaTag  Error:android.database.sqlite.SQLiteException: no such table: assignment (code 1 SQLITE_ERROR): , while compiling: UPDATE assignment SET hook=? WHERE hook = ?
[ 2026-02-12T17:21:05.568     1000:  2656:  2656 I/LSPosed-Bridge  ] Error Renaming Hook ID, Old:TelephonyManager/getVoiceMailNumber  NewTelephonyManager.getVoiceMailNumber  Error:android.database.sqlite.SQLiteException: no such table: assignment (code 1 SQLITE_ERROR): , while compiling: UPDATE assignment SET hook=? WHERE hook = ?
[ 2026-02-12T17:21:05.568     1000:  2656:  2656 I/LSPosed-Bridge  ] Error Renaming Hook ID, Old:Settings.Secure.getString  NewSettings.Secure.getString/android_id  Error:android.database.sqlite.SQLiteException: no such table: assignment (code 1 SQLITE_ERROR): , while compiling: UPDATE assignment SET hook=? WHERE hook = ?
[ 2026-02-12T17:21:05.568     1000:  2656:  2656 I/LSPosed-Bridge  ] Error Renaming Hook ID, Old:SystemProperties.get  NewSystemProperties.get/serial  Error:android.database.sqlite.SQLiteException: no such table: assignment (code 1 SQLITE_ERROR): , while compiling: UPDATE assignment SET hook=? WHERE hook = ?
[ 2026-02-12T17:21:05.569     1000:  2656:  2656 I/LSPosed-Bridge  ] Error Renaming Hook ID, Old:SystemProperties.get/default  NewSystemProperties.get.default/serial  Error:android.database.sqlite.SQLiteException: no such table: assignment (code 1 SQLITE_ERROR): , while compiling: UPDATE assignment SET hook=? WHERE hook = ?
[ 2026-02-12T17:21:05.569     1000:  2656:  2656 I/LSPosed-Bridge  ] [ı][XLua.XLegacyCore]Initializing Hooks from JSONs, Cache [0::0] Total Count=(0) Cycles=(0) Clear Cache=true Database=Database: /data/misc/xplex-a526e8b3-3ae2-4f8d-8b54-fe972be49b3d/xlua.db
Is Open: true
[ 2026-02-12T17:21:05.570     1000:  2656:  2656 I/LSPosed-Bridge  ] [ı][XLua.XHookJsonUtils]Reading All Apk (/data/app/~~zyuOLPr-3ONZ3s907JZXrQ==/eu.faircode.xlua-ZcJM_D_aeIvVBZFAdpwC8Q==/base.apk) JSON [hooks.json] Scripts from Assets to Serialize as Hooks!
[ 2026-02-12T17:21:08.911     1000:  2656:  2656 I/LSPosed-Bridge  ] XLua.XLua System ready
[ 2026-02-12T17:21:09.134     1000:  2656:  2656 I/LSPosed-Bridge  ] XLua.XLua Loaded com.android.location.fused:1000
[ 2026-02-12T17:21:09.181     1000:  2656:  2656 I/LSPosed-Bridge  ] [DoNotTryAccessibility][W] Already Hooked Member [public long com.android.server.accessibility.AccessibilityManagerService.addClient(android.view.accessibility.IAccessibilityManagerClient,int)], this will be ignored
[ 2026-02-12T17:21:09.199     1000:  2656:  2656 I/LSPosed-Bridge  ] [DoNotTryAccessibility][W] Already Hooked Member [public java.util.List com.android.server.accessibility.AccessibilityManagerService.getEnabledAccessibilityServiceList(int,int)], this will be ignored
[ 2026-02-12T17:21:09.207     1000:  2656:  2656 I/LSPosed-Bridge  ] [DoNotTryAccessibility][W] Already Hooked Member [public android.os.Bundle android.content.ContentProvider$Transport.call(android.content.AttributionSource,java.lang.String,java.lang.String,java.lang.String,android.os.Bundle)], this will be ignored
[ 2026-02-12T17:21:10.072    10437:  5423:  5423 I/LSPosedContext  ] com.keshav.capturesposed: [CaptureSposed] Hooking System UI to add and reveal quick settings tile.
[ 2026-02-12T17:21:10.125     1001:  5414:  5414 I/LSPosed-Bridge  ] XSmsCode: SmsCode initializing
[ 2026-02-12T17:21:10.125     1001:  5414:  5414 I/LSPosed-Bridge  ] XSmsCode: Phone manufacturer: OnePlus
[ 2026-02-12T17:21:10.125     1001:  5414:  5414 I/LSPosed-Bridge  ] XSmsCode: Phone model: LE2127
[ 2026-02-12T17:21:10.125     1001:  5414:  5414 I/LSPosed-Bridge  ] XSmsCode: Android version: 16
[ 2026-02-12T17:21:10.125     1001:  5414:  5414 I/LSPosed-Bridge  ] XSmsCode: Xposed bridge version: 100
[ 2026-02-12T17:21:10.125     1001:  5414:  5414 I/LSPosed-Bridge  ] XSmsCode: SmsCode version: 2.5.1 (52)
[ 2026-02-12T17:21:10.125     1001:  5414:  5414 I/LSPosed-Bridge  ] XSmsCode: Hooking InboundSmsHandler constructor for android v34+
[ 2026-02-12T17:21:10.128     1001:  5414:  5414 I/LSPosed-Bridge  ] XSmsCode: SmsCode initialize completely
[ 2026-02-12T17:23:54.717     1000:  2656:  3256 I/LSPosed-Bridge  ] [HMA-OSS] [ INFO] 02-12 17:23:54 (PmsHookTarget34) @shouldFilterApplication: query from com.google.android.inputmethod.latin
[ 2026-02-12T17:23:56.263     1000:  2656:  3256 I/LSPosed-Bridge  ] [HMA-OSS] [ INFO] 02-12 17:23:56 (PmsHookTarget34) @shouldFilterApplication: query from com.google.android.as
[ 2026-02-12T17:23:56.277     1000:  2656:  3256 I/LSPosed-Bridge  ] [HMA-OSS] [ INFO] 02-12 17:23:56 (PmsHookTarget34) @shouldFilterApplication: query from com.google.android.gms
[ 2026-02-12T17:23:56.283     1000:  2656:  3256 I/LSPosed-Bridge  ] [HMA-OSS] [ INFO] 02-12 17:23:56 (PmsHookTarget34) @shouldFilterApplication: query from com.google.android.as
[ 2026-02-12T17:23:56.285     1000:  2656:  3256 I/LSPosed-Bridge  ] [HMA-OSS] [ INFO] 02-12 17:23:56 (PmsHookTarget34) @shouldFilterApplication: query from com.google.android.gms
[ 2026-02-12T17:23:56.288     1000:  2656:  3256 I/LSPosed-Bridge  ] [HMA-OSS] [ INFO] 02-12 17:23:56 (PmsHookTarget34) @shouldFilterApplication: query from com.google.android.as
[ 2026-02-12T17:23:56.290     1000:  2656:  3256 I/LSPosed-Bridge  ] [HMA-OSS] [ INFO] 02-12 17:23:56 (PmsHookTarget34) @shouldFilterApplication: query from com.google.android.gms
[ 2026-02-12T17:23:56.296     1000:  2656:  3256 I/LSPosed-Bridge  ] [HMA-OSS] [ INFO] 02-12 17:23:56 (PmsHookTarget34) @shouldFilterApplication: query from com.google.android.as
[ 2026-02-12T17:23:56.302     1000:  2656:  3256 I/LSPosed-Bridge  ] [HMA-OSS] [ INFO] 02-12 17:23:56 (PmsHookTarget34) @shouldFilterApplication: query from com.google.android.gms
[ 2026-02-12T17:23:56.307     1000:  2656:  3256 I/LSPosed-Bridge  ] [HMA-OSS] [ INFO] 02-12 17:23:56 (PmsHookTarget34) @shouldFilterApplication: query from com.google.android.as
[ 2026-02-12T17:23:56.310     1000:  2656:  3256 I/LSPosed-Bridge  ] [HMA-OSS] [ INFO] 02-12 17:23:56 (PmsHookTarget34) @shouldFilterApplication: query from com.google.android.gms
[ 2026-02-12T17:23:56.329     1000:  2656:  3256 I/LSPosed-Bridge  ] [HMA-OSS] [ INFO] 02-12 17:23:56 (PmsHookTarget34) @shouldFilterApplication: query from com.google.android.as
[ 2026-02-12T17:23:56.332     1000:  2656:  3256 I/LSPosed-Bridge  ] [HMA-OSS] [ INFO] 02-12 17:23:56 (PmsHookTarget34) @shouldFilterApplication: query from com.google.android.gms
[ 2026-02-12T17:23:56.339     1000:  2656:  3256 I/LSPosed-Bridge  ] [HMA-OSS] [ INFO] 02-12 17:23:56 (PmsHookTarget34) @shouldFilterApplication: query from com.google.android.as
[ 2026-02-12T17:23:56.342     1000:  2656:  3256 I/LSPosed-Bridge  ] [HMA-OSS] [ INFO] 02-12 17:23:56 (PmsHookTarget34) @shouldFilterApplication: query from com.google.android.gms
[ 2026-02-12T17:23:56.342     1000:  2656:  3256 I/LSPosed-Bridge  ] [HMA-OSS] [ INFO] 02-12 17:23:56 (PmsHookTarget34) @shouldFilterApplication: query from com.google.android.as
[ 2026-02-12T17:23:56.344     1000:  2656:  3256 I/LSPosed-Bridge  ] [HMA-OSS] [ INFO] 02-12 17:23:56 (PmsHookTarget34) @shouldFilterApplication: query from com.google.android.gms
[ 2026-02-12T17:23:56.346     1000:  2656:  3256 I/LSPosed-Bridge  ] [HMA-OSS] [ INFO] 02-12 17:23:56 (PmsHookTarget34) @shouldFilterApplication: query from com.google.android.as
[ 2026-02-12T17:23:56.357     1000:  2656:  3256 I/LSPosed-Bridge  ] [HMA-OSS] [ INFO] 02-12 17:23:56 (PmsHookTarget34) @shouldFilterApplication: query from com.google.android.gms
[ 2026-02-12T17:23:56.361     1000:  2656:  3256 I/LSPosed-Bridge  ] [HMA-OSS] [ INFO] 02-12 17:23:56 (PmsHookTarget34) @shouldFilterApplication: query from com.google.android.as
[ 2026-02-12T17:23:56.362     1000:  2656:  3256 I/LSPosed-Bridge  ] [HMA-OSS] [ INFO] 02-12 17:23:56 (PmsHookTarget34) @shouldFilterApplication: query from com.google.android.as
[ 2026-02-12T17:23:56.363     1000:  2656:  3256 I/LSPosed-Bridge  ] [HMA-OSS] [ INFO] 02-12 17:23:56 (PmsHookTarget34) @shouldFilterApplication: query from com.google.android.gms
[ 2026-02-12T17:23:56.364     1000:  2656:  3256 I/LSPosed-Bridge  ] [HMA-OSS] [ INFO] 02-12 17:23:56 (PmsHookTarget34) @shouldFilterApplication: query from com.google.android.gms
[ 2026-02-12T17:23:56.368     1000:  2656:  3256 I/LSPosed-Bridge  ] [HMA-OSS] [ INFO] 02-12 17:23:56 (PmsHookTarget34) @shouldFilterApplication: query from com.google.android.as
[ 2026-02-12T17:23:56.407     1000:  2656:  3256 I/LSPosed-Bridge  ] [HMA-OSS] [ INFO] 02-12 17:23:56 (PmsHookTarget34) @shouldFilterApplication: query from com.google.android.as
[ 2026-02-12T17:23:56.407     1000:  2656:  3256 I/LSPosed-Bridge  ] [HMA-OSS] [ INFO] 02-12 17:23:56 (PmsHookTarget34) @shouldFilterApplication: query from com.google.android.gms
[ 2026-02-12T17:23:56.407     1000:  2656:  3256 I/LSPosed-Bridge  ] [HMA-OSS] [ INFO] 02-12 17:23:56 (PmsHookTarget34) @shouldFilterApplication: query from com.google.android.gms
[ 2026-02-12T17:23:56.410     1000:  2656:  3256 I/LSPosed-Bridge  ] [HMA-OSS] [ INFO] 02-12 17:23:56 (PmsHookTarget34) @shouldFilterApplication: query from com.google.android.as
[ 2026-02-12T17:23:56.414     1000:  2656:  3256 I/LSPosed-Bridge  ] [HMA-OSS] [ INFO] 02-12 17:23:56 (PmsHookTarget34) @shouldFilterApplication: query from com.google.android.gms
[ 2026-02-12T17:23:56.419     1000:  2656:  3256 I/LSPosed-Bridge  ] [HMA-OSS] [ INFO] 02-12 17:23:56 (PmsHookTarget34) @shouldFilterApplication: query from com.google.android.as
[ 2026-02-12T17:23:56.425     1000:  2656:  3256 I/LSPosed-Bridge  ] [HMA-OSS] [ INFO] 02-12 17:23:56 (PmsHookTarget34) @shouldFilterApplication: query from com.google.android.as
[ 2026-02-12T17:23:56.425     1000:  2656:  3256 I/LSPosed-Bridge  ] [HMA-OSS] [ INFO] 02-12 17:23:56 (PmsHookTarget34) @shouldFilterApplication: query from com.google.android.gms
[ 2026-02-12T17:23:56.445     1000:  2656:  3256 I/LSPosed-Bridge  ] [HMA-OSS] [ INFO] 02-12 17:23:56 (PmsHookTarget34) @shouldFilterApplication: query from com.google.android.as
[ 2026-02-12T17:23:56.445     1000:  2656:  3256 I/LSPosed-Bridge  ] [HMA-OSS] [ INFO] 02-12 17:23:56 (PmsHookTarget34) @shouldFilterApplication: query from com.google.android.gms
[ 2026-02-12T17:23:56.449     1000:  2656:  3256 I/LSPosed-Bridge  ] [HMA-OSS] [ INFO] 02-12 17:23:56 (PmsHookTarget34) @shouldFilterApplication: query from com.google.android.gms
[ 2026-02-12T17:23:56.450     1000:  2656:  3256 I/LSPosed-Bridge  ] [HMA-OSS] [ INFO] 02-12 17:23:56 (PmsHookTarget34) @shouldFilterApplication: query from com.google.android.as
[ 2026-02-12T17:23:56.466     1000:  2656:  3256 I/LSPosed-Bridge  ] [HMA-OSS] [ INFO] 02-12 17:23:56 (PmsHookTarget34) @shouldFilterApplication: query from com.google.android.gms
[ 2026-02-12T17:23:56.470     1000:  2656:  3256 I/LSPosed-Bridge  ] [HMA-OSS] [ INFO] 02-12 17:23:56 (PmsHookTarget34) @shouldFilterApplication: query from com.google.android.as
[ 2026-02-12T17:23:56.475     1000:  2656:  3256 I/LSPosed-Bridge  ] [HMA-OSS] [ INFO] 02-12 17:23:56 (PmsHookTarget34) @shouldFilterApplication: query from com.google.android.gms
[ 2026-02-12T17:23:56.475     1000:  2656:  3256 I/LSPosed-Bridge  ] [HMA-OSS] [ INFO] 02-12 17:23:56 (PmsHookTarget34) @shouldFilterApplication: query from com.google.android.as
[ 2026-02-12T17:23:56.489     1000:  2656:  3256 I/LSPosed-Bridge  ] [HMA-OSS] [ INFO] 02-12 17:23:56 (PmsHookTarget34) @shouldFilterApplication: query from com.google.android.gms
[ 2026-02-12T17:23:56.510     1000:  2656:  3256 I/LSPosed-Bridge  ] [HMA-OSS] [ INFO] 02-12 17:23:56 (PmsHookTarget34) @shouldFilterApplication: query from com.google.android.as
[ 2026-02-12T17:23:56.529     1000:  2656:  3256 I/LSPosed-Bridge  ] [HMA-OSS] [ INFO] 02-12 17:23:56 (PmsHookTarget34) @shouldFilterApplication: query from com.google.android.gms
[ 2026-02-12T17:23:56.535     1000:  2656:  3256 I/LSPosed-Bridge  ] [HMA-OSS] [ INFO] 02-12 17:23:56 (PmsHookTarget34) @shouldFilterApplication: query from com.google.android.as
[ 2026-02-12T17:23:56.541     1000:  2656:  3256 I/LSPosed-Bridge  ] [HMA-OSS] [ INFO] 02-12 17:23:56 (PmsHookTarget34) @shouldFilterApplication: query from com.google.android.gms
[ 2026-02-12T17:23:56.542     1000:  2656:  3256 I/LSPosed-Bridge  ] [HMA-OSS] [ INFO] 02-12 17:23:56 (PmsHookTarget34) @shouldFilterApplication: query from com.google.android.as
[ 2026-02-12T17:23:56.544     1000:  2656:  3256 I/LSPosed-Bridge  ] [HMA-OSS] [ INFO] 02-12 17:23:56 (PmsHookTarget34) @shouldFilterApplication: query from com.google.android.gms
[ 2026-02-12T17:23:56.548     1000:  2656:  3256 I/LSPosed-Bridge  ] [HMA-OSS] [ INFO] 02-12 17:23:56 (PmsHookTarget34) @shouldFilterApplication: query from com.google.android.as
[ 2026-02-12T17:23:56.586     1000:  2656:  3256 I/LSPosed-Bridge  ] [HMA-OSS] [ INFO] 02-12 17:23:56 (PmsHookTarget34) @shouldFilterApplication: query from com.google.android.gms
[ 2026-02-12T17:23:56.590     1000:  2656:  3256 I/LSPosed-Bridge  ] [HMA-OSS] [ INFO] 02-12 17:23:56 (PmsHookTarget34) @shouldFilterApplication: query from com.google.android.as
[ 2026-02-12T17:23:56.596     1000:  2656:  3256 I/LSPosed-Bridge  ] [HMA-OSS] [ INFO] 02-12 17:23:56 (PmsHookTarget34) @shouldFilterApplication: query from com.google.android.gms
[ 2026-02-12T17:23:56.603     1000:  2656:  3256 I/LSPosed-Bridge  ] [HMA-OSS] [ INFO] 02-12 17:23:56 (PmsHookTarget34) @shouldFilterApplication: query from com.google.android.as
[ 2026-02-12T17:23:56.616     1000:  2656:  3256 I/LSPosed-Bridge  ] [HMA-OSS] [ INFO] 02-12 17:23:56 (PmsHookTarget34) @shouldFilterApplication: query from com.google.android.gms
[ 2026-02-12T17:23:56.618     1000:  2656:  3256 I/LSPosed-Bridge  ] [HMA-OSS] [ INFO] 02-12 17:23:56 (PmsHookTarget34) @shouldFilterApplication: query from com.google.android.as
[ 2026-02-12T17:23:56.629     1000:  2656:  3256 I/LSPosed-Bridge  ] [HMA-OSS] [ INFO] 02-12 17:23:56 (PmsHookTarget34) @shouldFilterApplication: query from com.google.android.gms
[ 2026-02-12T17:23:56.635     1000:  2656:  3256 I/LSPosed-Bridge  ] [HMA-OSS] [ INFO] 02-12 17:23:56 (PmsHookTarget34) @shouldFilterApplication: query from com.google.android.as
[ 2026-02-12T17:23:56.643     1000:  2656:  3256 I/LSPosed-Bridge  ] [HMA-OSS] [ INFO] 02-12 17:23:56 (PmsHookTarget34) @shouldFilterApplication: query from com.google.android.gms
[ 2026-02-12T17:23:56.643     1000:  2656:  3256 I/LSPosed-Bridge  ] [HMA-OSS] [ INFO] 02-12 17:23:56 (PmsHookTarget34) @shouldFilterApplication: query from com.google.android.as
[ 2026-02-12T17:23:56.648     1000:  2656:  3256 I/LSPosed-Bridge  ] [HMA-OSS] [ INFO] 02-12 17:23:56 (PmsHookTarget34) @shouldFilterApplication: query from com.google.android.gms
[ 2026-02-12T17:23:56.698     1000:  2656:  3256 I/LSPosed-Bridge  ] [HMA-OSS] [ INFO] 02-12 17:23:56 (PmsHookTarget34) @shouldFilterApplication: query from com.google.android.as
[ 2026-02-12T17:23:56.703     1000:  2656:  3256 I/LSPosed-Bridge  ] [HMA-OSS] [ INFO] 02-12 17:23:56 (PmsHookTarget34) @shouldFilterApplication: query from com.google.android.gms
[ 2026-02-12T17:23:56.732     1000:  2656:  3256 I/LSPosed-Bridge  ] [HMA-OSS] [ INFO] 02-12 17:23:56 (PmsHookTarget34) @shouldFilterApplication: query from com.google.android.as
[ 2026-02-12T17:23:56.734     1000:  2656:  3256 I/LSPosed-Bridge  ] [HMA-OSS] [ INFO] 02-12 17:23:56 (PmsHookTarget34) @shouldFilterApplication: query from com.google.android.gms
[ 2026-02-12T17:23:56.747     1000:  2656:  3256 I/LSPosed-Bridge  ] [HMA-OSS] [ INFO] 02-12 17:23:56 (PmsHookTarget34) @shouldFilterApplication: query from com.google.android.as
[ 2026-02-12T17:23:56.748     1000:  2656:  3256 I/LSPosed-Bridge  ] [HMA-OSS] [ INFO] 02-12 17:23:56 (PmsHookTarget34) @shouldFilterApplication: query from com.google.android.gms
[ 2026-02-12T17:23:56.762     1000:  2656:  3256 I/LSPosed-Bridge  ] [HMA-OSS] [ INFO] 02-12 17:23:56 (PmsHookTarget34) @shouldFilterApplication: query from com.google.android.as
[ 2026-02-12T17:23:56.762     1000:  2656:  3256 I/LSPosed-Bridge  ] [HMA-OSS] [ INFO] 02-12 17:23:56 (PmsHookTarget34) @shouldFilterApplication: query from com.google.android.gms
[ 2026-02-12T17:23:56.762     1000:  2656:  3256 I/LSPosed-Bridge  ] [HMA-OSS] [ INFO] 02-12 17:23:56 (PmsHookTarget34) @shouldFilterApplication: query from com.google.android.as
[ 2026-02-12T17:23:56.763     1000:  2656:  3256 I/LSPosed-Bridge  ] [HMA-OSS] [ INFO] 02-12 17:23:56 (PmsHookTarget34) @shouldFilterApplication: query from com.google.android.gms
[ 2026-02-12T17:23:56.774     1000:  2656:  3256 I/LSPosed-Bridge  ] [HMA-OSS] [ INFO] 02-12 17:23:56 (PmsHookTarget34) @shouldFilterApplication: query from com.google.android.as
[ 2026-02-12T17:23:56.781     1000:  2656:  3256 I/LSPosed-Bridge  ] [HMA-OSS] [ INFO] 02-12 17:23:56 (PmsHookTarget34) @shouldFilterApplication: query from com.google.android.gms
[ 2026-02-12T17:23:56.783     1000:  2656:  3256 I/LSPosed-Bridge  ] [HMA-OSS] [ INFO] 02-12 17:23:56 (PmsHookTarget34) @shouldFilterApplication: query from com.google.android.gms
[ 2026-02-12T17:23:56.783     1000:  2656:  3256 I/LSPosed-Bridge  ] [HMA-OSS] [ INFO] 02-12 17:23:56 (PmsHookTarget34) @shouldFilterApplication: query from com.google.android.as
[ 2026-02-12T17:23:56.786     1000:  2656:  3256 I/LSPosed-Bridge  ] [HMA-OSS] [ INFO] 02-12 17:23:56 (PmsHookTarget34) @shouldFilterApplication: query from com.google.android.as
[ 2026-02-12T17:23:56.789     1000:  2656:  3256 I/LSPosed-Bridge  ] [HMA-OSS] [ INFO] 02-12 17:23:56 (PmsHookTarget34) @shouldFilterApplication: query from com.google.android.gms
[ 2026-02-12T17:23:56.794     1000:  2656:  3256 I/LSPosed-Bridge  ] [HMA-OSS] [ INFO] 02-12 17:23:56 (PmsHookTarget34) @shouldFilterApplication: query from com.google.android.as
[ 2026-02-12T17:24:01.563     1000:  2656:  3256 I/LSPosed-Bridge  ] [HMA-OSS] [ INFO] 02-12 17:24:01 (PmsHookTarget34) @shouldFilterApplication: query from com.google.android.googlequicksearchbox
[ 2026-02-12T17:24:01.975     1000:  2656:  3256 I/LSPosed-Bridge  ] [HMA-OSS] [ INFO] 02-12 17:24:01 (PmsHookTarget34) @shouldFilterApplication: query from com.android.vending
[ 2026-02-12T17:24:02.280     1000:  2656:  3256 I/LSPosed-Bridge  ] [HMA-OSS] [ INFO] 02-12 17:24:02 (PmsHookTarget34) @shouldFilterApplication: query from com.google.android.as
[ 2026-02-12T17:24:04.766     1000:  2656:  3256 I/LSPosed-Bridge  ] [HMA-OSS] [ INFO] 02-12 17:24:04 (PmsHookTarget34) @shouldFilterApplication: query from com.google.android.apps.photos
[ 2026-02-12T17:24:06.384     1000:  2656:  3256 I/LSPosed-Bridge  ] [HMA-OSS] [ INFO] 02-12 17:24:06 (PmsHookTarget34) @shouldFilterApplication: query from com.google.android.gms
[ 2026-02-12T17:24:11.597     1000:  2656:  3256 I/LSPosed-Bridge  ] [HMA-OSS] [ INFO] 02-12 17:24:11 (PmsHookTarget34) @shouldFilterApplication: query from com.google.android.apps.wellbeing
[ 2026-02-12T17:24:15.436     1000:  2656:  3256 I/LSPosed-Bridge  ] [HMA-OSS] [ INFO] 02-12 17:24:15 (PmsHookTarget34) @shouldFilterApplication: query from com.android.vending
[ 2026-02-12T17:24:16.087     1000:  2656:  3256 I/LSPosed-Bridge  ] [HMA-OSS] [ INFO] 02-12 17:24:16 (PmsHookTarget34) @shouldFilterApplication: query from com.google.android.apps.wellbeing
[ 2026-02-12T17:24:34.638     1000:  2656:  3256 I/LSPosed-Bridge  ] [HMA-OSS] [ INFO] 02-12 17:24:34 (PmsHookTarget34) @shouldFilterApplication: query from com.garanti.cepsubesi
[ 2026-02-12T17:24:42.856     1000:  2656:  3256 I/LSPosed-Bridge  ] [HMA-OSS] [ INFO] 02-12 17:24:42 (PmsHookTarget34) @shouldFilterApplication: query from com.google.android.apps.docs
[ 2026-02-12T17:24:43.113     1000:  2656:  3256 I/LSPosed-Bridge  ] [HMA-OSS] [ INFO] 02-12 17:24:43 (PmsHookTarget34) @shouldFilterApplication: query from com.google.android.apps.chromecast.app
[ 2026-02-12T17:24:54.148     1000:  2656:  3256 I/LSPosed-Bridge  ] [HMA-OSS] [ INFO] 02-12 17:24:54 (PmsHookTarget34) @shouldFilterApplication: query from com.amazon.avod.thirdpartyclient
[ 2026-02-12T17:25:04.670     1000:  2656:  3256 I/LSPosed-Bridge  ] [HMA-OSS] [ INFO] 02-12 17:25:04 (PmsHookTarget34) @shouldFilterApplication: query from com.google.android.gm
[ 2026-02-12T17:25:07.087    10500: 15522: 15522 E/LSPosed-Bridge  ] s0.d: Depended hook  failed.
	at s0.q.a(r8-map-id-24bfe6f5291ccc122a087e69cfd0ef965c57d5b189a3392a10a824e491734b78:69)
	at h1.a.h(r8-map-id-24bfe6f5291ccc122a087e69cfd0ef965c57d5b189a3392a10a824e491734b78:291)
	at s0.q.b(r8-map-id-24bfe6f5291ccc122a087e69cfd0ef965c57d5b189a3392a10a824e491734b78:35)
	at a3.a.h(r8-map-id-24bfe6f5291ccc122a087e69cfd0ef965c57d5b189a3392a10a824e491734b78:274)
	at a3.d0.beforeHookedMethod(r8-map-id-24bfe6f5291ccc122a087e69cfd0ef965c57d5b189a3392a10a824e491734b78:32)
	at wJUF.MG.bUOsL.Ow.FfYsA.XC_MethodHook.callBeforeHookedMethod(r8-map-id-1b503ce2d1eb437266e175dc68a023819023d9852a09899d29d782d634f0016f:1)
	at j0.callback(r8-map-id-1b503ce2d1eb437266e175dc68a023819023d9852a09899d29d782d634f0016f:156)
	at LSPHooker_.onCreate(LSP)
	at android.app.Instrumentation.callApplicationOnCreate(Instrumentation.java:1400)
	at android.app.ActivityThread.handleBindApplication(ActivityThread.java:8145)
	at android.app.ActivityThread.-$$Nest$mhandleBindApplication(Unknown Source:0)
	at android.app.ActivityThread$H.handleMessage(ActivityThread.java:2691)
	at android.os.Handler.dispatchMessage(Handler.java:132)
	at android.os.Looper.dispatchMessage(Looper.java:333)
	at android.os.Looper.loopOnce(Looper.java:263)
	at android.os.Looper.loop(Looper.java:367)
	at android.app.ActivityThread.main(ActivityThread.java:9298)
	at java.lang.reflect.Method.invoke(Native Method)
	at com.android.internal.os.RuntimeInit$MethodAndArgsCaller.run(RuntimeInit.java:569)
	at com.android.internal.os.ZygoteInit.main(ZygoteInit.java:929)
Caused by: java.lang.NullPointerException: Attempt to invoke virtual method 'java.lang.Class java.lang.Object.getClass()' on a null object reference
	at s0.q.h(r8-map-id-24bfe6f5291ccc122a087e69cfd0ef965c57d5b189a3392a10a824e491734b78:24)
	at h1.a.d(r8-map-id-24bfe6f5291ccc122a087e69cfd0ef965c57d5b189a3392a10a824e491734b78:7)
	at h1.a.h(r8-map-id-24bfe6f5291ccc122a087e69cfd0ef965c57d5b189a3392a10a824e491734b78:22)
	at s0.q.a(r8-map-id-24bfe6f5291ccc122a087e69cfd0ef965c57d5b189a3392a10a824e491734b78:17)
	... 19 more
[ 2026-02-12T17:25:07.099    10500: 15522: 15522 E/LSPosed-Bridge  ] s0.d: Depended hook  failed.
	at s0.q.a(r8-map-id-24bfe6f5291ccc122a087e69cfd0ef965c57d5b189a3392a10a824e491734b78:69)
	at h1.a.h(r8-map-id-24bfe6f5291ccc122a087e69cfd0ef965c57d5b189a3392a10a824e491734b78:116)
	at s0.q.b(r8-map-id-24bfe6f5291ccc122a087e69cfd0ef965c57d5b189a3392a10a824e491734b78:35)
	at a3.a.h(r8-map-id-24bfe6f5291ccc122a087e69cfd0ef965c57d5b189a3392a10a824e491734b78:274)
	at a3.d0.beforeHookedMethod(r8-map-id-24bfe6f5291ccc122a087e69cfd0ef965c57d5b189a3392a10a824e491734b78:32)
	at wJUF.MG.bUOsL.Ow.FfYsA.XC_MethodHook.callBeforeHookedMethod(r8-map-id-1b503ce2d1eb437266e175dc68a023819023d9852a09899d29d782d634f0016f:1)
	at j0.callback(r8-map-id-1b503ce2d1eb437266e175dc68a023819023d9852a09899d29d782d634f0016f:156)
	at LSPHooker_.onCreate(LSP)
	at android.app.Instrumentation.callApplicationOnCreate(Instrumentation.java:1400)
	at android.app.ActivityThread.handleBindApplication(ActivityThread.java:8145)
	at android.app.ActivityThread.-$$Nest$mhandleBindApplication(Unknown Source:0)
	at android.app.ActivityThread$H.handleMessage(ActivityThread.java:2691)
	at android.os.Handler.dispatchMessage(Handler.java:132)
	at android.os.Looper.dispatchMessage(Looper.java:333)
	at android.os.Looper.loopOnce(Looper.java:263)
	at android.os.Looper.loop(Looper.java:367)
	at android.app.ActivityThread.main(ActivityThread.java:9298)
	at java.lang.reflect.Method.invoke(Native Method)
	at com.android.internal.os.RuntimeInit$MethodAndArgsCaller.run(RuntimeInit.java:569)
	at com.android.internal.os.ZygoteInit.main(ZygoteInit.java:929)
Caused by: java.lang.NullPointerException: Attempt to invoke virtual method 'java.lang.Class java.lang.Object.getClass()' on a null object reference
	at s0.q.h(r8-map-id-24bfe6f5291ccc122a087e69cfd0ef965c57d5b189a3392a10a824e491734b78:24)
	at h1.a.d(r8-map-id-24bfe6f5291ccc122a087e69cfd0ef965c57d5b189a3392a10a824e491734b78:7)
	at h1.a.h(r8-map-id-24bfe6f5291ccc122a087e69cfd0ef965c57d5b189a3392a10a824e491734b78:22)
	at s0.q.a(r8-map-id-24bfe6f5291ccc122a087e69cfd0ef965c57d5b189a3392a10a824e491734b78:17)
	... 19 more
[ 2026-02-12T17:25:07.166    10500: 15522: 15522 I/LSPosed-Bridge  ] com.google.android.youtube version: 21.07.240 (1561055536)
[ 2026-02-12T17:25:09.539     1000:  2656:  3256 I/LSPosed-Bridge  ] [HMA-OSS] [ INFO] 02-12 17:25:09 (PmsHookTarget34) @shouldFilterApplication: query from com.instagram.android
[ 2026-02-12T17:25:11.264     1000:  2656:  3256 I/LSPosed-Bridge  ] [HMA-OSS] [ INFO] 02-12 17:25:11 (PmsHookTarget34) @shouldFilterApplication: query from com.looker.droidify
[ 2026-02-12T17:25:11.614     1000:  2656:  3256 I/LSPosed-Bridge  ] [HMA-OSS] [ INFO] 02-12 17:25:11 (PmsHookTarget34) @shouldFilterApplication: query from com.ingbanktr.ingmobil
[ 2026-02-12T17:25:14.729     1000:  2656:  3256 I/LSPosed-Bridge  ] [HMA-OSS] [ INFO] 02-12 17:25:14 (PmsHookTarget34) @shouldFilterApplication: query from com.google.android.inputmethod.latin
[ 2026-02-12T17:25:18.692     1000:  2656:  3256 I/LSPosed-Bridge  ] [HMA-OSS] [ INFO] 02-12 17:25:18 (PmsHookTarget34) @shouldFilterApplication: query from com.roborock.smart
[ 2026-02-12T17:25:39.283     1000:  2656:  3256 I/LSPosed-Bridge  ] [HMA-OSS] [ INFO] 02-12 17:25:39 (PmsHookTarget34) @shouldFilterApplication: query from com.facebook.katana
[ 2026-02-12T17:25:39.767     1000:  2656:  3256 I/LSPosed-Bridge  ] [HMA-OSS] [ INFO] 02-12 17:25:39 (PmsHookTarget34) @shouldFilterApplication: query from com.facebook.orca
[ 2026-02-12T17:25:40.061     1000:  2656:  3256 I/LSPosed-Bridge  ] [HMA-OSS] [ INFO] 02-12 17:25:40 (PmsHookTarget34) @shouldFilterApplication: query from com.facebook.pages.app
[ 2026-02-12T17:26:04.029    10500: 15522: 15960 E/LSPosed-Bridge  ] java.lang.NullPointerException: Attempt to invoke virtual method 'java.lang.Class java.lang.Object.getClass()' on a null object reference
	at m2.k.h(r8-map-id-24bfe6f5291ccc122a087e69cfd0ef965c57d5b189a3392a10a824e491734b78:435)
	at s0.g.beforeHookedMethod(r8-map-id-24bfe6f5291ccc122a087e69cfd0ef965c57d5b189a3392a10a824e491734b78:50)
	at wJUF.MG.bUOsL.Ow.FfYsA.XC_MethodHook.callBeforeHookedMethod(r8-map-id-1b503ce2d1eb437266e175dc68a023819023d9852a09899d29d782d634f0016f:1)
	at j0.callback(r8-map-id-1b503ce2d1eb437266e175dc68a023819023d9852a09899d29d782d634f0016f:156)
	at LSPHooker_.onFailed(LSP)
	at asrk.onFailed(PG:12)
	at bpey.onFailed(PG:3)
	at bmpx.run(PG:308)
	at auan.execute(PG:1)
	at org.chromium.net.impl.CronetUrlRequest.onNativeAdapterDestroyed(PG:76)
[ 2026-02-12T17:26:04.140    10500: 15522: 15960 E/LSPosed-Bridge  ] java.lang.NullPointerException: Attempt to invoke virtual method 'java.lang.Class java.lang.Object.getClass()' on a null object reference
	at m2.k.h(r8-map-id-24bfe6f5291ccc122a087e69cfd0ef965c57d5b189a3392a10a824e491734b78:435)
	at s0.g.beforeHookedMethod(r8-map-id-24bfe6f5291ccc122a087e69cfd0ef965c57d5b189a3392a10a824e491734b78:50)
	at wJUF.MG.bUOsL.Ow.FfYsA.XC_MethodHook.callBeforeHookedMethod(r8-map-id-1b503ce2d1eb437266e175dc68a023819023d9852a09899d29d782d634f0016f:1)
	at j0.callback(r8-map-id-1b503ce2d1eb437266e175dc68a023819023d9852a09899d29d782d634f0016f:156)
	at LSPHooker_.onFailed(LSP)
	at asrk.onFailed(PG:12)
	at bpey.onFailed(PG:3)
	at bmpx.run(PG:308)
	at auan.execute(PG:1)
	at org.chromium.net.impl.CronetUrlRequest.onNativeAdapterDestroyed(PG:76)
[ 2026-02-12T17:26:04.199    10500: 15522: 15960 E/LSPosed-Bridge  ] java.lang.NullPointerException: Attempt to invoke virtual method 'java.lang.Class java.lang.Object.getClass()' on a null object reference
	at m2.k.h(r8-map-id-24bfe6f5291ccc122a087e69cfd0ef965c57d5b189a3392a10a824e491734b78:435)
	at s0.g.beforeHookedMethod(r8-map-id-24bfe6f5291ccc122a087e69cfd0ef965c57d5b189a3392a10a824e491734b78:50)
	at wJUF.MG.bUOsL.Ow.FfYsA.XC_MethodHook.callBeforeHookedMethod(r8-map-id-1b503ce2d1eb437266e175dc68a023819023d9852a09899d29d782d634f0016f:1)
	at j0.callback(r8-map-id-1b503ce2d1eb437266e175dc68a023819023d9852a09899d29d782d634f0016f:156)
	at LSPHooker_.onFailed(LSP)
	at asrk.onFailed(PG:12)
	at bpey.onFailed(PG:3)
	at bmpx.run(PG:308)
	at auan.execute(PG:1)
	at org.chromium.net.impl.CronetUrlRequest.onNativeAdapterDestroyed(PG:76)
[ 2026-02-12T17:26:06.175    10500: 15522: 15960 E/LSPosed-Bridge  ] java.lang.NullPointerException: Attempt to invoke virtual method 'java.lang.Class java.lang.Object.getClass()' on a null object reference
	at m2.k.h(r8-map-id-24bfe6f5291ccc122a087e69cfd0ef965c57d5b189a3392a10a824e491734b78:435)
	at s0.g.beforeHookedMethod(r8-map-id-24bfe6f5291ccc122a087e69cfd0ef965c57d5b189a3392a10a824e491734b78:50)
	at wJUF.MG.bUOsL.Ow.FfYsA.XC_MethodHook.callBeforeHookedMethod(r8-map-id-1b503ce2d1eb437266e175dc68a023819023d9852a09899d29d782d634f0016f:1)
	at j0.callback(r8-map-id-1b503ce2d1eb437266e175dc68a023819023d9852a09899d29d782d634f0016f:156)
	at LSPHooker_.onFailed(LSP)
	at asrk.onFailed(PG:12)
	at bpey.onFailed(PG:3)
	at bmpx.run(PG:308)
	at auan.execute(PG:1)
	at org.chromium.net.impl.CronetUrlRequest.onNativeAdapterDestroyed(PG:76)
[ 2026-02-12T17:26:07.689     1000:  2656:  3256 I/LSPosed-Bridge  ] [HMA-OSS] [ INFO] 02-12 17:26:07 (PmsHookTarget34) @shouldFilterApplication: query from com.instagram.android
[ 2026-02-12T17:26:07.705    10500: 15522: 15960 E/LSPosed-Bridge  ] java.lang.NullPointerException: Attempt to invoke virtual method 'java.lang.Class java.lang.Object.getClass()' on a null object reference
	at m2.k.h(r8-map-id-24bfe6f5291ccc122a087e69cfd0ef965c57d5b189a3392a10a824e491734b78:435)
	at s0.g.beforeHookedMethod(r8-map-id-24bfe6f5291ccc122a087e69cfd0ef965c57d5b189a3392a10a824e491734b78:50)
	at wJUF.MG.bUOsL.Ow.FfYsA.XC_MethodHook.callBeforeHookedMethod(r8-map-id-1b503ce2d1eb437266e175dc68a023819023d9852a09899d29d782d634f0016f:1)
	at j0.callback(r8-map-id-1b503ce2d1eb437266e175dc68a023819023d9852a09899d29d782d634f0016f:156)
	at LSPHooker_.onFailed(LSP)
	at asrk.onFailed(PG:12)
	at bpey.onFailed(PG:3)
	at bmpx.run(PG:308)
	at auan.execute(PG:1)
	at org.chromium.net.impl.CronetUrlRequest.onNativeAdapterDestroyed(PG:76)
[ 2026-02-12T17:26:15.891    10500: 15522: 15960 E/LSPosed-Bridge  ] java.lang.NullPointerException: Attempt to invoke virtual method 'java.lang.Class java.lang.Object.getClass()' on a null object reference
	at m2.k.h(r8-map-id-24bfe6f5291ccc122a087e69cfd0ef965c57d5b189a3392a10a824e491734b78:435)
	at s0.g.beforeHookedMethod(r8-map-id-24bfe6f5291ccc122a087e69cfd0ef965c57d5b189a3392a10a824e491734b78:50)
	at wJUF.MG.bUOsL.Ow.FfYsA.XC_MethodHook.callBeforeHookedMethod(r8-map-id-1b503ce2d1eb437266e175dc68a023819023d9852a09899d29d782d634f0016f:1)
	at j0.callback(r8-map-id-1b503ce2d1eb437266e175dc68a023819023d9852a09899d29d782d634f0016f:156)
	at LSPHooker_.onFailed(LSP)
	at asrk.onFailed(PG:12)
	at bpey.onFailed(PG:3)
	at bmpx.run(PG:308)
	at auan.execute(PG:1)
	at org.chromium.net.impl.CronetUrlRequest.onNativeAdapterDestroyed(PG:76)
[ 2026-02-12T17:26:17.161    10500: 15522: 15960 E/LSPosed-Bridge  ] java.lang.NullPointerException: Attempt to invoke virtual method 'java.lang.Class java.lang.Object.getClass()' on a null object reference
	at m2.k.h(r8-map-id-24bfe6f5291ccc122a087e69cfd0ef965c57d5b189a3392a10a824e491734b78:435)
	at s0.g.beforeHookedMethod(r8-map-id-24bfe6f5291ccc122a087e69cfd0ef965c57d5b189a3392a10a824e491734b78:50)
	at wJUF.MG.bUOsL.Ow.FfYsA.XC_MethodHook.callBeforeHookedMethod(r8-map-id-1b503ce2d1eb437266e175dc68a023819023d9852a09899d29d782d634f0016f:1)
	at j0.callback(r8-map-id-1b503ce2d1eb437266e175dc68a023819023d9852a09899d29d782d634f0016f:156)
	at LSPHooker_.onFailed(LSP)
	at asrk.onFailed(PG:12)
	at bpey.onFailed(PG:3)
	at bmpx.run(PG:308)
	at auan.execute(PG:1)
	at org.chromium.net.impl.CronetUrlRequest.onNativeAdapterDestroyed(PG:76)
[ 2026-02-12T17:26:20.547    10500: 15522: 15960 E/LSPosed-Bridge  ] java.lang.NullPointerException: Attempt to invoke virtual method 'java.lang.Class java.lang.Object.getClass()' on a null object reference
	at m2.k.h(r8-map-id-24bfe6f5291ccc122a087e69cfd0ef965c57d5b189a3392a10a824e491734b78:435)
	at s0.g.beforeHookedMethod(r8-map-id-24bfe6f5291ccc122a087e69cfd0ef965c57d5b189a3392a10a824e491734b78:50)
	at wJUF.MG.bUOsL.Ow.FfYsA.XC_MethodHook.callBeforeHookedMethod(r8-map-id-1b503ce2d1eb437266e175dc68a023819023d9852a09899d29d782d634f0016f:1)
	at j0.callback(r8-map-id-1b503ce2d1eb437266e175dc68a023819023d9852a09899d29d782d634f0016f:156)
	at LSPHooker_.onFailed(LSP)
	at asrk.onFailed(PG:12)
	at bpey.onFailed(PG:3)
	at bmpx.run(PG:308)
	at auan.execute(PG:1)
	at org.chromium.net.impl.CronetUrlRequest.onNativeAdapterDestroyed(PG:76)
[ 2026-02-12T17:26:25.184    10500: 15522: 15960 E/LSPosed-Bridge  ] java.lang.NullPointerException: Attempt to invoke virtual method 'java.lang.Class java.lang.Object.getClass()' on a null object reference
	at m2.k.h(r8-map-id-24bfe6f5291ccc122a087e69cfd0ef965c57d5b189a3392a10a824e491734b78:435)
	at s0.g.beforeHookedMethod(r8-map-id-24bfe6f5291ccc122a087e69cfd0ef965c57d5b189a3392a10a824e491734b78:50)
	at wJUF.MG.bUOsL.Ow.FfYsA.XC_MethodHook.callBeforeHookedMethod(r8-map-id-1b503ce2d1eb437266e175dc68a023819023d9852a09899d29d782d634f0016f:1)
	at j0.callback(r8-map-id-1b503ce2d1eb437266e175dc68a023819023d9852a09899d29d782d634f0016f:156)
	at LSPHooker_.onFailed(LSP)
	at asrk.onFailed(PG:12)
	at bpey.onFailed(PG:3)
	at bmpx.run(PG:308)
	at auan.execute(PG:1)
	at org.chromium.net.impl.CronetUrlRequest.onNativeAdapterDestroyed(PG:76)
[ 2026-02-12T17:26:38.028    10500: 15522: 15960 E/LSPosed-Bridge  ] java.lang.NullPointerException: Attempt to invoke virtual method 'java.lang.Class java.lang.Object.getClass()' on a null object reference
	at m2.k.h(r8-map-id-24bfe6f5291ccc122a087e69cfd0ef965c57d5b189a3392a10a824e491734b78:435)
	at s0.g.beforeHookedMethod(r8-map-id-24bfe6f5291ccc122a087e69cfd0ef965c57d5b189a3392a10a824e491734b78:50)
	at wJUF.MG.bUOsL.Ow.FfYsA.XC_MethodHook.callBeforeHookedMethod(r8-map-id-1b503ce2d1eb437266e175dc68a023819023d9852a09899d29d782d634f0016f:1)
	at j0.callback(r8-map-id-1b503ce2d1eb437266e175dc68a023819023d9852a09899d29d782d634f0016f:156)
	at LSPHooker_.onFailed(LSP)
	at asrk.onFailed(PG:12)
	at bpey.onFailed(PG:3)
	at bmpx.run(PG:308)
	at auan.execute(PG:1)
	at org.chromium.net.impl.CronetUrlRequest.onNativeAdapterDestroyed(PG:76)
[ 2026-02-12T17:26:53.391     1000:  2656:  3256 I/LSPosed-Bridge  ] [HMA-OSS] [ INFO] 02-12 17:26:53 (PmsHookTarget34) @shouldFilterApplication: query from com.google.android.apps.turbo
[ 2026-02-12T17:27:02.436    10500: 15522: 15960 E/LSPosed-Bridge  ] java.lang.NullPointerException: Attempt to invoke virtual method 'java.lang.Class java.lang.Object.getClass()' on a null object reference
	at m2.k.h(r8-map-id-24bfe6f5291ccc122a087e69cfd0ef965c57d5b189a3392a10a824e491734b78:435)
	at s0.g.beforeHookedMethod(r8-map-id-24bfe6f5291ccc122a087e69cfd0ef965c57d5b189a3392a10a824e491734b78:50)
	at wJUF.MG.bUOsL.Ow.FfYsA.XC_MethodHook.callBeforeHookedMethod(r8-map-id-1b503ce2d1eb437266e175dc68a023819023d9852a09899d29d782d634f0016f:1)
	at j0.callback(r8-map-id-1b503ce2d1eb437266e175dc68a023819023d9852a09899d29d782d634f0016f:156)
	at LSPHooker_.onFailed(LSP)
	at asrk.onFailed(PG:12)
	at bpey.onFailed(PG:3)
	at bmpx.run(PG:308)
	at auan.execute(PG:1)
	at org.chromium.net.impl.CronetUrlRequest.onNativeAdapterDestroyed(PG:76)
[ 2026-02-12T17:27:10.082     1000:  2656:  3256 I/LSPosed-Bridge  ] [HMA-OSS] [ INFO] 02-12 17:27:10 (PmsHookTarget34) @shouldFilterApplication: query from com.reveny.nativecheck
[ 2026-02-12T17:27:10.249     1000:  2656:  3256 I/LSPosed-Bridge  ] [HMA-OSS] [ INFO] 02-12 17:27:10 (PmsHookTarget34) @shouldFilterApplication: query from com.google.android.inputmethod.latin
[ 2026-02-12T17:27:14.234     1000:  2656:  3256 I/LSPosed-Bridge  ] [HMA-OSS] [ INFO] 02-12 17:27:14 (PmsHookTarget34) @getArchivedPackageInternal: query from com.reveny.nativecheck
[ 2026-02-12T17:27:34.417     1000:  2656:  3256 I/LSPosed-Bridge  ] [HMA-OSS] [ INFO] 02-12 17:27:34 (PmsHookTarget34) @shouldFilterApplication: query from com.rem01gaming.disclosure
[ 2026-02-12T17:27:34.482     1000:  2656:  3256 I/LSPosed-Bridge  ] [HMA-OSS] [ INFO] 02-12 17:27:34 (PmsHookTarget34) @shouldFilterApplication: query from com.rem01gaming.disclosure
[ 2026-02-12T17:27:34.482     1000:  2656:  3256 I/LSPosed-Bridge  ] [HMA-OSS] [ INFO] 02-12 17:27:34 (PmsHookTarget34) @shouldFilterApplication: query from com.google.android.inputmethod.latin
[ 2026-02-12T17:27:52.804    10500: 25318: 25318 E/LSPosed-Bridge  ] s0.d: Depended hook  failed.
	at s0.q.a(r8-map-id-24bfe6f5291ccc122a087e69cfd0ef965c57d5b189a3392a10a824e491734b78:69)
	at h1.a.h(r8-map-id-24bfe6f5291ccc122a087e69cfd0ef965c57d5b189a3392a10a824e491734b78:291)
	at s0.q.b(r8-map-id-24bfe6f5291ccc122a087e69cfd0ef965c57d5b189a3392a10a824e491734b78:35)
	at a3.a.h(r8-map-id-24bfe6f5291ccc122a087e69cfd0ef965c57d5b189a3392a10a824e491734b78:274)
	at a3.d0.beforeHookedMethod(r8-map-id-24bfe6f5291ccc122a087e69cfd0ef965c57d5b189a3392a10a824e491734b78:32)
	at wJUF.MG.bUOsL.Ow.FfYsA.XC_MethodHook.callBeforeHookedMethod(r8-map-id-1b503ce2d1eb437266e175dc68a023819023d9852a09899d29d782d634f0016f:1)
	at j0.callback(r8-map-id-1b503ce2d1eb437266e175dc68a023819023d9852a09899d29d782d634f0016f:156)
	at LSPHooker_.onCreate(LSP)
	at android.app.Instrumentation.callApplicationOnCreate(Instrumentation.java:1400)
	at android.app.ActivityThread.handleBindApplication(ActivityThread.java:8145)
	at android.app.ActivityThread.-$$Nest$mhandleBindApplication(Unknown Source:0)
	at android.app.ActivityThread$H.handleMessage(ActivityThread.java:2691)
	at android.os.Handler.dispatchMessage(Handler.java:132)
	at android.os.Looper.dispatchMessage(Looper.java:333)
	at android.os.Looper.loopOnce(Looper.java:263)
	at android.os.Looper.loop(Looper.java:367)
	at android.app.ActivityThread.main(ActivityThread.java:9298)
	at java.lang.reflect.Method.invoke(Native Method)
	at com.android.internal.os.RuntimeInit$MethodAndArgsCaller.run(RuntimeInit.java:569)
	at com.android.internal.os.ZygoteInit.main(ZygoteInit.java:929)
Caused by: java.lang.NullPointerException: Attempt to invoke virtual method 'java.lang.Class java.lang.Object.getClass()' on a null object reference
	at s0.q.h(r8-map-id-24bfe6f5291ccc122a087e69cfd0ef965c57d5b189a3392a10a824e491734b78:24)
	at h1.a.d(r8-map-id-24bfe6f5291ccc122a087e69cfd0ef965c57d5b189a3392a10a824e491734b78:7)
	at h1.a.h(r8-map-id-24bfe6f5291ccc122a087e69cfd0ef965c57d5b189a3392a10a824e491734b78:22)
	at s0.q.a(r8-map-id-24bfe6f5291ccc122a087e69cfd0ef965c57d5b189a3392a10a824e491734b78:17)
	... 19 more
[ 2026-02-12T17:27:52.818    10500: 25318: 25318 E/LSPosed-Bridge  ] s0.d: Depended hook  failed.
	at s0.q.a(r8-map-id-24bfe6f5291ccc122a087e69cfd0ef965c57d5b189a3392a10a824e491734b78:69)
	at h1.a.h(r8-map-id-24bfe6f5291ccc122a087e69cfd0ef965c57d5b189a3392a10a824e491734b78:116)
	at s0.q.b(r8-map-id-24bfe6f5291ccc122a087e69cfd0ef965c57d5b189a3392a10a824e491734b78:35)
	at a3.a.h(r8-map-id-24bfe6f5291ccc122a087e69cfd0ef965c57d5b189a3392a10a824e491734b78:274)
	at a3.d0.beforeHookedMethod(r8-map-id-24bfe6f5291ccc122a087e69cfd0ef965c57d5b189a3392a10a824e491734b78:32)
	at wJUF.MG.bUOsL.Ow.FfYsA.XC_MethodHook.callBeforeHookedMethod(r8-map-id-1b503ce2d1eb437266e175dc68a023819023d9852a09899d29d782d634f0016f:1)
	at j0.callback(r8-map-id-1b503ce2d1eb437266e175dc68a023819023d9852a09899d29d782d634f0016f:156)
	at LSPHooker_.onCreate(LSP)
	at android.app.Instrumentation.callApplicationOnCreate(Instrumentation.java:1400)
	at android.app.ActivityThread.handleBindApplication(ActivityThread.java:8145)
	at android.app.ActivityThread.-$$Nest$mhandleBindApplication(Unknown Source:0)
	at android.app.ActivityThread$H.handleMessage(ActivityThread.java:2691)
	at android.os.Handler.dispatchMessage(Handler.java:132)
	at android.os.Looper.dispatchMessage(Looper.java:333)
	at android.os.Looper.loopOnce(Looper.java:263)
	at android.os.Looper.loop(Looper.java:367)
	at android.app.ActivityThread.main(ActivityThread.java:9298)
	at java.lang.reflect.Method.invoke(Native Method)
	at com.android.internal.os.RuntimeInit$MethodAndArgsCaller.run(RuntimeInit.java:569)
	at com.android.internal.os.ZygoteInit.main(ZygoteInit.java:929)
Caused by: java.lang.NullPointerException: Attempt to invoke virtual method 'java.lang.Class java.lang.Object.getClass()' on a null object reference
	at s0.q.h(r8-map-id-24bfe6f5291ccc122a087e69cfd0ef965c57d5b189a3392a10a824e491734b78:24)
	at h1.a.d(r8-map-id-24bfe6f5291ccc122a087e69cfd0ef965c57d5b189a3392a10a824e491734b78:7)
	at h1.a.h(r8-map-id-24bfe6f5291ccc122a087e69cfd0ef965c57d5b189a3392a10a824e491734b78:22)
	at s0.q.a(r8-map-id-24bfe6f5291ccc122a087e69cfd0ef965c57d5b189a3392a10a824e491734b78:17)
	... 19 more
[ 2026-02-12T17:27:52.842    10500: 25318: 25318 I/LSPosed-Bridge  ] com.google.android.youtube version: 21.07.240 (1561055536)
[ 2026-02-12T17:27:57.226     1000:  2656:  3256 I/LSPosed-Bridge  ] [HMA-OSS] [ INFO] 02-12 17:27:57 (PmsHookTarget34) @shouldFilterApplication: query from com.google.android.apps.turbo
[ 2026-02-12T17:28:36.252     1000:  2656:  3256 I/LSPosed-Bridge  ] [HMA-OSS] [ INFO] 02-12 17:28:36 (PmsHookTarget34) @shouldFilterApplication: query from com.google.android.inputmethod.latin
[ 2026-02-12T17:28:41.359     1000:  2656:  3256 I/LSPosed-Bridge  ] [HMA-OSS] [ INFO] 02-12 17:28:41 (PmsHookTarget34) @shouldFilterApplication: query from com.zhenxi.hunter
[ 2026-02-12T17:28:51.530     1000:  2656:  3256 I/LSPosed-Bridge  ] [HMA-OSS] [ INFO] 02-12 17:28:51 (PmsHookTarget34) @shouldFilterApplication: query from com.google.android.inputmethod.latin
[ 2026-02-12T17:31:11.005    10500: 25318: 25434 E/LSPosed-Bridge  ] java.lang.NullPointerException: Attempt to invoke virtual method 'java.lang.Class java.lang.Object.getClass()' on a null object reference
	at m2.k.h(r8-map-id-24bfe6f5291ccc122a087e69cfd0ef965c57d5b189a3392a10a824e491734b78:435)
	at s0.g.beforeHookedMethod(r8-map-id-24bfe6f5291ccc122a087e69cfd0ef965c57d5b189a3392a10a824e491734b78:50)
	at wJUF.MG.bUOsL.Ow.FfYsA.XC_MethodHook.callBeforeHookedMethod(r8-map-id-1b503ce2d1eb437266e175dc68a023819023d9852a09899d29d782d634f0016f:1)
	at j0.callback(r8-map-id-1b503ce2d1eb437266e175dc68a023819023d9852a09899d29d782d634f0016f:156)
	at LSPHooker_.onFailed(LSP)
	at asrk.onFailed(PG:12)
	at bpey.onFailed(PG:3)
	at bmpx.run(PG:308)
	at auan.execute(PG:1)
	at org.chromium.net.impl.CronetUrlRequest.onNativeAdapterDestroyed(PG:76)
